This file contains any messages produced by compilers while
running configure, to aid debugging if configure makes a mistake.

It was created by rnnoise-nu configure 1.0, which was
generated by GNU Autoconf 2.72.  Invocation command line was

  $ /home/wanderer/Jobs/dsnote-qt6/build/external/rnnoise/configure --prefix=/home/wanderer/Jobs/dsnote-qt6/build/external --libdir=/home/wanderer/Jobs/dsnote-qt6/build/external/lib --disable-examples --disable-doc --disable-shared --enable-static --with-pic 'CFLAGS=-Dpitch_downsample=rnnoise_pitch_downsample     -Dpitch_search=rnnoise_pitch_search     -Dremove_doubling=rnnoise_remove_doubling     -D_celt_lpc=rnnoise__celt_lpc     -Dcelt_iir=rnnoise_celt_iir     -D_celt_autocorr=rnnoise__celt_autocorr     -Dcompute_gru=rnnoise_compute_gru     -Dcompute_dense=rnnoise_compute_dense     -fpie'

## --------- ##
## Platform. ##
## --------- ##

hostname = erimos
uname -m = x86_64
uname -r = 6.18.26-calculate
uname -s = Linux
uname -v = #1 SMP PREEMPT_DYNAMIC Fri May  1 14:58:06 UTC 2026

/usr/bin/uname -p = AMD Ryzen 7 PRO 3700U w/ Radeon Vega Mobile Gfx
/bin/uname -X     = unknown

/bin/arch              = unknown
/usr/bin/arch -k       = unknown
/usr/convex/getsysinfo = unknown
/usr/bin/hostinfo      = unknown
/bin/machine           = unknown
/usr/bin/oslevel       = unknown
/bin/universe          = unknown

PATH: /home/wanderer/.platformio/packages/tool-mklittlefs/bin/
PATH: /home/wanderer/.local/bin/
PATH: /usr/local/sbin/
PATH: /usr/local/bin/
PATH: /usr/sbin/
PATH: /usr/bin/
PATH: /sbin/
PATH: /bin/
PATH: /opt/bin/
PATH: /usr/lib/llvm/21/bin/
PATH: /etc/eselect/wine/bin/
PATH: /usr/lib64/opencascade/bin/
PATH: /home/wanderer/.local/share/JetBrains/Toolbox/scripts/


## ----------- ##
## Core tests. ##
## ----------- ##

configure:2406: looking for aux files: config.guess config.sub ltmain.sh missing install-sh compile
configure:2419:  trying ./scripts/
configure:2448:   ./scripts/config.guess found
configure:2448:   ./scripts/config.sub found
configure:2448:   ./scripts/ltmain.sh found
configure:2448:   ./scripts/missing found
configure:2430:   ./scripts/install-sh found
configure:2448:   ./scripts/compile found
configure:2632: checking for gcc
configure:2653: found /usr/bin/gcc
configure:2665: result: gcc
configure:3024: checking for C compiler version
configure:3033: gcc --version >&5
gcc (Gentoo 15.2.1_p20260214 p5) 15.2.1 20260214
Copyright (C) 2025 Free Software Foundation, Inc.
This is free software; see the source for copying conditions.  There is NO
warranty; not even for MERCHANTABILITY or FITNESS FOR A PARTICULAR PURPOSE.

configure:3044: $? = 0
configure:3033: gcc -v >&5
Using built-in specs.
COLLECT_GCC=gcc
COLLECT_LTO_WRAPPER=/usr/libexec/gcc/x86_64-pc-linux-gnu/15/lto-wrapper
OFFLOAD_TARGET_NAMES=nvptx-none
OFFLOAD_TARGET_DEFAULT=1
Target: x86_64-pc-linux-gnu
Configured with: /var/calculate/tmp/portage/sys-devel/gcc-15.2.1_p20260214/work/gcc-15-20260214/configure --host=x86_64-pc-linux-gnu --build=x86_64-pc-linux-gnu --prefix=/usr --bindir=/usr/x86_64-pc-linux-gnu/gcc-bin/15 --includedir=/usr/lib/gcc/x86_64-pc-linux-gnu/15/include --datadir=/usr/share/gcc-data/x86_64-pc-linux-gnu/15 --mandir=/usr/share/gcc-data/x86_64-pc-linux-gnu/15/man --infodir=/usr/share/gcc-data/x86_64-pc-linux-gnu/15/info --with-gxx-include-dir=/usr/lib/gcc/x86_64-pc-linux-gnu/15/include/g++-v15 --disable-silent-rules --disable-dependency-tracking --with-python-dir=/share/gcc-data/x86_64-pc-linux-gnu/15/python --enable-languages=c,c++,objc,fortran --enable-obsolete --enable-secureplt --disable-werror --with-system-zlib --enable-nls --without-included-gettext --disable-libunwind-exceptions --enable-checking=release --with-bugurl=https://bugs.gentoo.org/ --with-pkgversion='Gentoo 15.2.1_p20260214 p5' --with-gcc-major-version-only --enable-libstdcxx-time --enable-lto --disable-libstdcxx-pch --enable-linker-build-id --enable-shared --enable-threads=posix --enable-__cxa_atexit --enable-clocale=gnu --enable-multilib --with-multilib-list=m32,m64 --disable-fixed-point --enable-targets=all --enable-offload-defaulted --enable-offload-targets=nvptx-none --enable-libgomp --disable-libssp --disable-libada --enable-cet --disable-systemtap --disable-valgrind-annotations --disable-vtable-verify --disable-libvtv --with-zstd --with-isl --disable-isl-version-check --enable-default-pie --enable-host-pie --enable-host-bind-now --enable-default-ssp --disable-fixincludes --with-gxx-libcxx-include-dir=/usr/include/c++/v1 --with-build-config=bootstrap-cet
Thread model: posix
Supported LTO compression algorithms: zlib zstd
gcc version 15.2.1 20260214 (Gentoo 15.2.1_p20260214 p5) 
... rest of stderr output deleted ...
configure:3044: $? = 0
configure:3033: gcc -V >&5
gcc: error: unrecognized command-line option '-V'
gcc: fatal error: no input files
compilation terminated.
configure:3044: $? = 1
configure:3033: gcc -qversion >&5
gcc: error: unrecognized command-line option '-qversion'; did you mean '--version'?
gcc: fatal error: no input files
compilation terminated.
configure:3044: $? = 1
configure:3033: gcc -version >&5
gcc: error: unrecognized command-line option '-version'
gcc: fatal error: no input files
compilation terminated.
configure:3044: $? = 1
configure:3064: checking whether the C compiler works
configure:3086: gcc -Dpitch_downsample=rnnoise_pitch_downsample     -Dpitch_search=rnnoise_pitch_search     -Dremove_doubling=rnnoise_remove_doubling     -D_celt_lpc=rnnoise__celt_lpc     -Dcelt_iir=rnnoise_celt_iir     -D_celt_autocorr=rnnoise__celt_autocorr     -Dcompute_gru=rnnoise_compute_gru     -Dcompute_dense=rnnoise_compute_dense     -fpie   conftest.c  >&5
configure:3090: $? = 0
configure:3141: result: yes
configure:3145: checking for C compiler default output file name
configure:3147: result: a.out
configure:3153: checking for suffix of executables
configure:3160: gcc -o conftest -Dpitch_downsample=rnnoise_pitch_downsample     -Dpitch_search=rnnoise_pitch_search     -Dremove_doubling=rnnoise_remove_doubling     -D_celt_lpc=rnnoise__celt_lpc     -Dcelt_iir=rnnoise_celt_iir     -D_celt_autocorr=rnnoise__celt_autocorr     -Dcompute_gru=rnnoise_compute_gru     -Dcompute_dense=rnnoise_compute_dense     -fpie   conftest.c  >&5
configure:3164: $? = 0
configure:3188: result: 
configure:3212: checking whether we are cross compiling
configure:3220: gcc -o conftest -Dpitch_downsample=rnnoise_pitch_downsample     -Dpitch_search=rnnoise_pitch_search     -Dremove_doubling=rnnoise_remove_doubling     -D_celt_lpc=rnnoise__celt_lpc     -Dcelt_iir=rnnoise_celt_iir     -D_celt_autocorr=rnnoise__celt_autocorr     -Dcompute_gru=rnnoise_compute_gru     -Dcompute_dense=rnnoise_compute_dense     -fpie   conftest.c  >&5
configure:3224: $? = 0
configure:3231: ./conftest
configure:3235: $? = 0
configure:3250: result: no
configure:3256: checking for suffix of object files
configure:3279: gcc -c -Dpitch_downsample=rnnoise_pitch_downsample     -Dpitch_search=rnnoise_pitch_search     -Dremove_doubling=rnnoise_remove_doubling     -D_celt_lpc=rnnoise__celt_lpc     -Dcelt_iir=rnnoise_celt_iir     -D_celt_autocorr=rnnoise__celt_autocorr     -Dcompute_gru=rnnoise_compute_gru     -Dcompute_dense=rnnoise_compute_dense     -fpie  conftest.c >&5
configure:3283: $? = 0
configure:3307: result: o
configure:3311: checking whether the compiler supports GNU C
configure:3331: gcc -c -Dpitch_downsample=rnnoise_pitch_downsample     -Dpitch_search=rnnoise_pitch_search     -Dremove_doubling=rnnoise_remove_doubling     -D_celt_lpc=rnnoise__celt_lpc     -Dcelt_iir=rnnoise_celt_iir     -D_celt_autocorr=rnnoise__celt_autocorr     -Dcompute_gru=rnnoise_compute_gru     -Dcompute_dense=rnnoise_compute_dense     -fpie  conftest.c >&5
configure:3331: $? = 0
configure:3343: result: yes
configure:3354: checking whether gcc accepts -g
configure:3375: gcc -c -g  conftest.c >&5
configure:3375: $? = 0
configure:3422: result: yes
configure:3442: checking for gcc option to enable C11 features
configure:3457: gcc  -c -Dpitch_downsample=rnnoise_pitch_downsample     -Dpitch_search=rnnoise_pitch_search     -Dremove_doubling=rnnoise_remove_doubling     -D_celt_lpc=rnnoise__celt_lpc     -Dcelt_iir=rnnoise_celt_iir     -D_celt_autocorr=rnnoise__celt_autocorr     -Dcompute_gru=rnnoise_compute_gru     -Dcompute_dense=rnnoise_compute_dense     -fpie  conftest.c >&5
configure:3457: $? = 0
configure:3476: result: none needed
configure:3600: checking whether gcc understands -c and -o together
configure:3623: gcc -c conftest.c -o conftest2.o
configure:3626: $? = 0
configure:3623: gcc -c conftest.c -o conftest2.o
configure:3626: $? = 0
configure:3642: result: yes
configure:3664: checking for stdio.h
configure:3664: gcc -c -Dpitch_downsample=rnnoise_pitch_downsample     -Dpitch_search=rnnoise_pitch_search     -Dremove_doubling=rnnoise_remove_doubling     -D_celt_lpc=rnnoise__celt_lpc     -Dcelt_iir=rnnoise_celt_iir     -D_celt_autocorr=rnnoise__celt_autocorr     -Dcompute_gru=rnnoise_compute_gru     -Dcompute_dense=rnnoise_compute_dense     -fpie  conftest.c >&5
configure:3664: $? = 0
configure:3664: result: yes
configure:3664: checking for stdlib.h
configure:3664: gcc -c -Dpitch_downsample=rnnoise_pitch_downsample     -Dpitch_search=rnnoise_pitch_search     -Dremove_doubling=rnnoise_remove_doubling     -D_celt_lpc=rnnoise__celt_lpc     -Dcelt_iir=rnnoise_celt_iir     -D_celt_autocorr=rnnoise__celt_autocorr     -Dcompute_gru=rnnoise_compute_gru     -Dcompute_dense=rnnoise_compute_dense     -fpie  conftest.c >&5
configure:3664: $? = 0
configure:3664: result: yes
configure:3664: checking for string.h
configure:3664: gcc -c -Dpitch_downsample=rnnoise_pitch_downsample     -Dpitch_search=rnnoise_pitch_search     -Dremove_doubling=rnnoise_remove_doubling     -D_celt_lpc=rnnoise__celt_lpc     -Dcelt_iir=rnnoise_celt_iir     -D_celt_autocorr=rnnoise__celt_autocorr     -Dcompute_gru=rnnoise_compute_gru     -Dcompute_dense=rnnoise_compute_dense     -fpie  conftest.c >&5
configure:3664: $? = 0
configure:3664: result: yes
configure:3664: checking for inttypes.h
configure:3664: gcc -c -Dpitch_downsample=rnnoise_pitch_downsample     -Dpitch_search=rnnoise_pitch_search     -Dremove_doubling=rnnoise_remove_doubling     -D_celt_lpc=rnnoise__celt_lpc     -Dcelt_iir=rnnoise_celt_iir     -D_celt_autocorr=rnnoise__celt_autocorr     -Dcompute_gru=rnnoise_compute_gru     -Dcompute_dense=rnnoise_compute_dense     -fpie  conftest.c >&5
configure:3664: $? = 0
configure:3664: result: yes
configure:3664: checking for stdint.h
configure:3664: gcc -c -Dpitch_downsample=rnnoise_pitch_downsample     -Dpitch_search=rnnoise_pitch_search     -Dremove_doubling=rnnoise_remove_doubling     -D_celt_lpc=rnnoise__celt_lpc     -Dcelt_iir=rnnoise_celt_iir     -D_celt_autocorr=rnnoise__celt_autocorr     -Dcompute_gru=rnnoise_compute_gru     -Dcompute_dense=rnnoise_compute_dense     -fpie  conftest.c >&5
configure:3664: $? = 0
configure:3664: result: yes
configure:3664: checking for strings.h
configure:3664: gcc -c -Dpitch_downsample=rnnoise_pitch_downsample     -Dpitch_search=rnnoise_pitch_search     -Dremove_doubling=rnnoise_remove_doubling     -D_celt_lpc=rnnoise__celt_lpc     -Dcelt_iir=rnnoise_celt_iir     -D_celt_autocorr=rnnoise__celt_autocorr     -Dcompute_gru=rnnoise_compute_gru     -Dcompute_dense=rnnoise_compute_dense     -fpie  conftest.c >&5
configure:3664: $? = 0
configure:3664: result: yes
configure:3664: checking for sys/stat.h
configure:3664: gcc -c -Dpitch_downsample=rnnoise_pitch_downsample     -Dpitch_search=rnnoise_pitch_search     -Dremove_doubling=rnnoise_remove_doubling     -D_celt_lpc=rnnoise__celt_lpc     -Dcelt_iir=rnnoise_celt_iir     -D_celt_autocorr=rnnoise__celt_autocorr     -Dcompute_gru=rnnoise_compute_gru     -Dcompute_dense=rnnoise_compute_dense     -fpie  conftest.c >&5
configure:3664: $? = 0
configure:3664: result: yes
configure:3664: checking for sys/types.h
configure:3664: gcc -c -Dpitch_downsample=rnnoise_pitch_downsample     -Dpitch_search=rnnoise_pitch_search     -Dremove_doubling=rnnoise_remove_doubling     -D_celt_lpc=rnnoise__celt_lpc     -Dcelt_iir=rnnoise_celt_iir     -D_celt_autocorr=rnnoise__celt_autocorr     -Dcompute_gru=rnnoise_compute_gru     -Dcompute_dense=rnnoise_compute_dense     -fpie  conftest.c >&5
configure:3664: $? = 0
configure:3664: result: yes
configure:3664: checking for unistd.h
configure:3664: gcc -c -Dpitch_downsample=rnnoise_pitch_downsample     -Dpitch_search=rnnoise_pitch_search     -Dremove_doubling=rnnoise_remove_doubling     -D_celt_lpc=rnnoise__celt_lpc     -Dcelt_iir=rnnoise_celt_iir     -D_celt_autocorr=rnnoise__celt_autocorr     -Dcompute_gru=rnnoise_compute_gru     -Dcompute_dense=rnnoise_compute_dense     -fpie  conftest.c >&5
configure:3664: $? = 0
configure:3664: result: yes
configure:3664: checking for wchar.h
configure:3664: gcc -c -Dpitch_downsample=rnnoise_pitch_downsample     -Dpitch_search=rnnoise_pitch_search     -Dremove_doubling=rnnoise_remove_doubling     -D_celt_lpc=rnnoise__celt_lpc     -Dcelt_iir=rnnoise_celt_iir     -D_celt_autocorr=rnnoise__celt_autocorr     -Dcompute_gru=rnnoise_compute_gru     -Dcompute_dense=rnnoise_compute_dense     -fpie  conftest.c >&5
configure:3664: $? = 0
configure:3664: result: yes
configure:3664: checking for minix/config.h
configure:3664: gcc -c -Dpitch_downsample=rnnoise_pitch_downsample     -Dpitch_search=rnnoise_pitch_search     -Dremove_doubling=rnnoise_remove_doubling     -D_celt_lpc=rnnoise__celt_lpc     -Dcelt_iir=rnnoise_celt_iir     -D_celt_autocorr=rnnoise__celt_autocorr     -Dcompute_gru=rnnoise_compute_gru     -Dcompute_dense=rnnoise_compute_dense     -fpie  conftest.c >&5
conftest.c:47:10: fatal error: minix/config.h: No such file or directory
   47 | #include <minix/config.h>
      |          ^~~~~~~~~~~~~~~~
compilation terminated.
configure:3664: $? = 1
configure: failed program was:
| /* confdefs.h */
| #define PACKAGE_NAME "rnnoise-nu"
| #define PACKAGE_TARNAME "rnnoise-nu"
| #define PACKAGE_VERSION "1.0"
| #define PACKAGE_STRING "rnnoise-nu 1.0"
| #define PACKAGE_BUGREPORT "gregor.richards@uwaterloo.ca"
| #define PACKAGE_URL ""
| #define HAVE_STDIO_H 1
| #define HAVE_STDLIB_H 1
| #define HAVE_STRING_H 1
| #define HAVE_INTTYPES_H 1
| #define HAVE_STDINT_H 1
| #define HAVE_STRINGS_H 1
| #define HAVE_SYS_STAT_H 1
| #define HAVE_SYS_TYPES_H 1
| #define HAVE_UNISTD_H 1
| #define HAVE_WCHAR_H 1
| /* end confdefs.h.  */
| #include <stddef.h>
| #ifdef HAVE_STDIO_H
| # include <stdio.h>
| #endif
| #ifdef HAVE_STDLIB_H
| # include <stdlib.h>
| #endif
| #ifdef HAVE_STRING_H
| # include <string.h>
| #endif
| #ifdef HAVE_INTTYPES_H
| # include <inttypes.h>
| #endif
| #ifdef HAVE_STDINT_H
| # include <stdint.h>
| #endif
| #ifdef HAVE_STRINGS_H
| # include <strings.h>
| #endif
| #ifdef HAVE_SYS_TYPES_H
| # include <sys/types.h>
| #endif
| #ifdef HAVE_SYS_STAT_H
| # include <sys/stat.h>
| #endif
| #ifdef HAVE_UNISTD_H
| # include <unistd.h>
| #endif
| #include <minix/config.h>
configure:3664: result: no
configure:3695: checking whether it is safe to define __EXTENSIONS__
configure:3714: gcc -c -Dpitch_downsample=rnnoise_pitch_downsample     -Dpitch_search=rnnoise_pitch_search     -Dremove_doubling=rnnoise_remove_doubling     -D_celt_lpc=rnnoise__celt_lpc     -Dcelt_iir=rnnoise_celt_iir     -D_celt_autocorr=rnnoise__celt_autocorr     -Dcompute_gru=rnnoise_compute_gru     -Dcompute_dense=rnnoise_compute_dense     -fpie  conftest.c >&5
configure:3714: $? = 0
configure:3724: result: yes
configure:3727: checking whether _XOPEN_SOURCE should be defined
configure:3749: gcc -c -Dpitch_downsample=rnnoise_pitch_downsample     -Dpitch_search=rnnoise_pitch_search     -Dremove_doubling=rnnoise_remove_doubling     -D_celt_lpc=rnnoise__celt_lpc     -Dcelt_iir=rnnoise_celt_iir     -D_celt_autocorr=rnnoise__celt_autocorr     -Dcompute_gru=rnnoise_compute_gru     -Dcompute_dense=rnnoise_compute_dense     -fpie  conftest.c >&5
configure:3749: $? = 0
configure:3778: result: no
configure:3844: checking for  option for large files
configure:3879: gcc -c -Dpitch_downsample=rnnoise_pitch_downsample     -Dpitch_search=rnnoise_pitch_search     -Dremove_doubling=rnnoise_remove_doubling     -D_celt_lpc=rnnoise__celt_lpc     -Dcelt_iir=rnnoise_celt_iir     -D_celt_autocorr=rnnoise__celt_autocorr     -Dcompute_gru=rnnoise_compute_gru     -Dcompute_dense=rnnoise_compute_dense     -fpie  conftest.c >&5
configure:3879: $? = 0
configure:3885: gcc -c -Dpitch_downsample=rnnoise_pitch_downsample     -Dpitch_search=rnnoise_pitch_search     -Dremove_doubling=rnnoise_remove_doubling     -D_celt_lpc=rnnoise__celt_lpc     -Dcelt_iir=rnnoise_celt_iir     -D_celt_autocorr=rnnoise__celt_autocorr     -Dcompute_gru=rnnoise_compute_gru     -Dcompute_dense=rnnoise_compute_dense     -fpie  -DFTYPE=ino_t conftest.c >&5
configure:3885: $? = 0
configure:3910: result: none needed
configure:4106: checking for a BSD-compatible install
configure:4180: result: /usr/bin/install -c
configure:4337: checking for a race-free mkdir -p
configure:4380: result: /bin/mkdir -p
configure:4387: checking for gawk
configure:4408: found /usr/bin/gawk
configure:4420: result: gawk
configure:4449: checking whether make supports the include directive
configure:4464: make -f confmf.GNU && cat confinc.out
make[3]: Entering directory '/home/wanderer/Jobs/dsnote-qt6/build/external/rnnoise'
make[3]: Leaving directory '/home/wanderer/Jobs/dsnote-qt6/build/external/rnnoise'
this is the am__doit target
configure:4467: $? = 0
configure:4486: result: yes (GNU style)
configure:4517: checking whether make supports nested variables
configure:4536: result: yes
configure:4550: checking xargs -n works
configure:4566: result: yes
configure:4646: checking whether UID '1000' is supported by ustar format
configure:4652: result: yes
configure:4659: checking whether GID '1001' is supported by ustar format
configure:4665: result: yes
configure:4673: checking how to create a ustar tar archive
configure:4684: tar --version
tar (GNU tar) 1.35
Copyright (C) 2023 Free Software Foundation, Inc.
License GPLv3+: GNU GPL version 3 or later <https://gnu.org/licenses/gpl.html>.
This is free software: you are free to change and redistribute it.
There is NO WARRANTY, to the extent permitted by law.

Written by John Gilmore and Jay Fenlason.
configure:4687: $? = 0
configure:4727: tardir=conftest.dir && eval tar --format=ustar -chf - "$tardir" >conftest.tar
configure:4730: $? = 0
configure:4734: tar -xf - <conftest.tar
configure:4737: $? = 0
configure:4739: cat conftest.dir/file
GrepMe
configure:4742: $? = 0
configure:4757: result: gnutar
configure:4766: checking dependency style of gcc
configure:4879: result: gcc3
configure:4914: checking whether to enable maintainer-specific portions of Makefiles
configure:4925: result: yes
configure:4939: checking for inline
configure:4956: gcc -c -Dpitch_downsample=rnnoise_pitch_downsample     -Dpitch_search=rnnoise_pitch_search     -Dremove_doubling=rnnoise_remove_doubling     -D_celt_lpc=rnnoise__celt_lpc     -Dcelt_iir=rnnoise_celt_iir     -D_celt_autocorr=rnnoise__celt_autocorr     -Dcompute_gru=rnnoise_compute_gru     -Dcompute_dense=rnnoise_compute_dense     -fpie  conftest.c >&5
configure:4956: $? = 0
configure:4966: result: inline
configure:5017: checking build system type
configure:5033: result: x86_64-pc-linux-gnu
configure:5053: checking host system type
configure:5068: result: x86_64-pc-linux-gnu
configure:5109: checking how to print strings
configure:5136: result: printf
configure:5157: checking for a sed that does not truncate output
configure:5229: result: /bin/sed
configure:5247: checking for grep that handles long lines and -e
configure:5313: result: /bin/grep
configure:5318: checking for egrep
configure:5388: result: /bin/grep -E
configure:5395: checking for fgrep
configure:5465: result: /bin/grep -F
configure:5502: checking for ld used by gcc
configure:5571: result: /usr/x86_64-pc-linux-gnu/bin/ld
configure:5578: checking if the linker (/usr/x86_64-pc-linux-gnu/bin/ld) is GNU ld
configure:5595: result: yes
configure:5607: checking for BSD- or MS-compatible name lister (nm)
configure:5663: result: /usr/bin/nm -B
configure:5805: checking the name lister (/usr/bin/nm -B) interface
configure:5813: gcc -c -Dpitch_downsample=rnnoise_pitch_downsample     -Dpitch_search=rnnoise_pitch_search     -Dremove_doubling=rnnoise_remove_doubling     -D_celt_lpc=rnnoise__celt_lpc     -Dcelt_iir=rnnoise_celt_iir     -D_celt_autocorr=rnnoise__celt_autocorr     -Dcompute_gru=rnnoise_compute_gru     -Dcompute_dense=rnnoise_compute_dense     -fpie  conftest.c >&5
configure:5816: /usr/bin/nm -B "conftest.o"
configure:5819: output
0000000000000000 B some_variable
configure:5827: result: BSD nm
configure:5830: checking whether ln -s works
configure:5834: result: yes
configure:5842: checking the maximum length of command line arguments
configure:5975: result: 1572864
configure:6023: checking how to convert x86_64-pc-linux-gnu file names to x86_64-pc-linux-gnu format
configure:6065: result: func_convert_file_noop
configure:6072: checking how to convert x86_64-pc-linux-gnu file names to toolchain format
configure:6094: result: func_convert_file_noop
configure:6101: checking for /usr/x86_64-pc-linux-gnu/bin/ld option to reload object files
configure:6110: result: -r
configure:6143: checking for file
configure:6164: found /usr/bin/file
configure:6177: result: file
configure:6240: checking for objdump
configure:6261: found /usr/bin/objdump
configure:6273: result: objdump
configure:6305: checking how to recognize dependent libraries
configure:6514: result: pass_all
configure:6605: checking for dlltool
configure:6641: result: no
configure:6671: checking how to associate runtime and link libraries
configure:6700: result: printf %s\n
configure:6760: checking for ranlib
configure:6781: found /usr/bin/ranlib
configure:6793: result: ranlib
configure:6870: checking for ar
configure:6891: found /usr/bin/ar
configure:6903: result: ar
configure:6956: checking for archiver @FILE support
configure:6974: gcc -c -Dpitch_downsample=rnnoise_pitch_downsample     -Dpitch_search=rnnoise_pitch_search     -Dremove_doubling=rnnoise_remove_doubling     -D_celt_lpc=rnnoise__celt_lpc     -Dcelt_iir=rnnoise_celt_iir     -D_celt_autocorr=rnnoise__celt_autocorr     -Dcompute_gru=rnnoise_compute_gru     -Dcompute_dense=rnnoise_compute_dense     -fpie  conftest.c >&5
configure:6974: $? = 0
configure:6978: ar cr libconftest.a @conftest.lst >&5
configure:6981: $? = 0
configure:6986: ar cr libconftest.a @conftest.lst >&5
ar: conftest.o: No such file or directory
configure:6989: $? = 1
configure:7002: result: @
configure:7066: checking for strip
configure:7087: found /usr/bin/strip
configure:7099: result: strip
configure:7202: checking command to parse /usr/bin/nm -B output from gcc object
configure:7356: gcc -c -Dpitch_downsample=rnnoise_pitch_downsample     -Dpitch_search=rnnoise_pitch_search     -Dremove_doubling=rnnoise_remove_doubling     -D_celt_lpc=rnnoise__celt_lpc     -Dcelt_iir=rnnoise_celt_iir     -D_celt_autocorr=rnnoise__celt_autocorr     -Dcompute_gru=rnnoise_compute_gru     -Dcompute_dense=rnnoise_compute_dense     -fpie  conftest.c >&5
configure:7359: $? = 0
configure:7363: /usr/bin/nm -B conftest.o | /bin/sed -n -e 's/^.*[	 ]\([ABCDGIRSTW][ABCDGIRSTW]*\)[	 ][	 ]*\([_A-Za-z][_A-Za-z0-9]*\)$/\1 \2 \2/p' | /bin/sed '/ __gnu_lto/d' > conftest.nm
configure:7429: gcc -o conftest -Dpitch_downsample=rnnoise_pitch_downsample     -Dpitch_search=rnnoise_pitch_search     -Dremove_doubling=rnnoise_remove_doubling     -D_celt_lpc=rnnoise__celt_lpc     -Dcelt_iir=rnnoise_celt_iir     -D_celt_autocorr=rnnoise__celt_autocorr     -Dcompute_gru=rnnoise_compute_gru     -Dcompute_dense=rnnoise_compute_dense     -fpie   conftest.c conftstm.o >&5
configure:7432: $? = 0
configure:7471: result: ok
configure:7518: checking for sysroot
configure:7552: result: no
configure:7559: checking for a working dd
configure:7604: result: /bin/dd
configure:7608: checking how to truncate binary pipes
configure:7625: result: /bin/dd bs=4096 count=1
configure:7762: gcc -c -Dpitch_downsample=rnnoise_pitch_downsample     -Dpitch_search=rnnoise_pitch_search     -Dremove_doubling=rnnoise_remove_doubling     -D_celt_lpc=rnnoise__celt_lpc     -Dcelt_iir=rnnoise_celt_iir     -D_celt_autocorr=rnnoise__celt_autocorr     -Dcompute_gru=rnnoise_compute_gru     -Dcompute_dense=rnnoise_compute_dense     -fpie  conftest.c >&5
configure:7765: $? = 0
configure:7965: checking for mt
configure:8001: result: no
configure:8021: checking if : is a manifest tool
configure:8028: : '-?'
configure:8037: result: no
configure:8831: checking for dlfcn.h
configure:8831: gcc -c -Dpitch_downsample=rnnoise_pitch_downsample     -Dpitch_search=rnnoise_pitch_search     -Dremove_doubling=rnnoise_remove_doubling     -D_celt_lpc=rnnoise__celt_lpc     -Dcelt_iir=rnnoise_celt_iir     -D_celt_autocorr=rnnoise__celt_autocorr     -Dcompute_gru=rnnoise_compute_gru     -Dcompute_dense=rnnoise_compute_dense     -fpie  conftest.c >&5
configure:8831: $? = 0
configure:8831: result: yes
configure:9135: checking for objdir
configure:9152: result: .libs
configure:9418: checking if gcc supports -fno-rtti -fno-exceptions
configure:9437: gcc -c -Dpitch_downsample=rnnoise_pitch_downsample     -Dpitch_search=rnnoise_pitch_search     -Dremove_doubling=rnnoise_remove_doubling     -D_celt_lpc=rnnoise__celt_lpc     -Dcelt_iir=rnnoise_celt_iir     -D_celt_autocorr=rnnoise__celt_autocorr     -Dcompute_gru=rnnoise_compute_gru     -Dcompute_dense=rnnoise_compute_dense     -fpie  -fno-rtti -fno-exceptions conftest.c >&5
cc1: warning: command-line option '-fno-rtti' is valid for C++/D/ObjC++ but not for C
configure:9441: $? = 0
configure:9455: result: no
configure:9828: checking for gcc option to produce PIC
configure:9837: result: -fPIC -DPIC
configure:9845: checking if gcc PIC flag -fPIC -DPIC works
configure:9864: gcc -c -Dpitch_downsample=rnnoise_pitch_downsample     -Dpitch_search=rnnoise_pitch_search     -Dremove_doubling=rnnoise_remove_doubling     -D_celt_lpc=rnnoise__celt_lpc     -Dcelt_iir=rnnoise_celt_iir     -D_celt_autocorr=rnnoise__celt_autocorr     -Dcompute_gru=rnnoise_compute_gru     -Dcompute_dense=rnnoise_compute_dense     -fpie  -fPIC -DPIC -DPIC conftest.c >&5
configure:9868: $? = 0
configure:9882: result: yes
configure:9911: checking if gcc static flag -static works
configure:9941: result: yes
configure:9956: checking if gcc supports -c -o file.o
configure:9978: gcc -c -Dpitch_downsample=rnnoise_pitch_downsample     -Dpitch_search=rnnoise_pitch_search     -Dremove_doubling=rnnoise_remove_doubling     -D_celt_lpc=rnnoise__celt_lpc     -Dcelt_iir=rnnoise_celt_iir     -D_celt_autocorr=rnnoise__celt_autocorr     -Dcompute_gru=rnnoise_compute_gru     -Dcompute_dense=rnnoise_compute_dense     -fpie  -o out/conftest2.o conftest.c >&5
configure:9982: $? = 0
configure:10005: result: yes
configure:10013: checking if gcc supports -c -o file.o
configure:10062: result: yes
configure:10095: checking whether the gcc linker (/usr/x86_64-pc-linux-gnu/bin/ld -m elf_x86_64) supports shared libraries
configure:11379: result: yes
configure:11621: checking dynamic linker characteristics
configure:12253: gcc -o conftest -Dpitch_downsample=rnnoise_pitch_downsample     -Dpitch_search=rnnoise_pitch_search     -Dremove_doubling=rnnoise_remove_doubling     -D_celt_lpc=rnnoise__celt_lpc     -Dcelt_iir=rnnoise_celt_iir     -D_celt_autocorr=rnnoise__celt_autocorr     -Dcompute_gru=rnnoise_compute_gru     -Dcompute_dense=rnnoise_compute_dense     -fpie   -Wl,-rpath -Wl,/foo conftest.c  >&5
configure:12253: $? = 0
configure:13018: result: GNU/Linux ld.so
configure:13140: checking how to hardcode library paths into programs
configure:13165: result: immediate
configure:13765: checking whether stripping libraries is possible
configure:13774: result: yes
configure:13816: checking if libtool supports shared libraries
configure:13818: result: yes
configure:13821: checking whether to build shared libraries
configure:13846: result: no
configure:13849: checking whether to build static libraries
configure:13853: result: yes
configure:14059: checking for cos in -lm
configure:14088: gcc -o conftest -Dpitch_downsample=rnnoise_pitch_downsample     -Dpitch_search=rnnoise_pitch_search     -Dremove_doubling=rnnoise_remove_doubling     -D_celt_lpc=rnnoise__celt_lpc     -Dcelt_iir=rnnoise_celt_iir     -D_celt_autocorr=rnnoise__celt_autocorr     -Dcompute_gru=rnnoise_compute_gru     -Dcompute_dense=rnnoise_compute_dense     -fpie   conftest.c -lm   >&5
conftest.c:50:6: warning: conflicting types for built-in function 'cos'; expected 'double(double)' [-Wbuiltin-declaration-mismatch]
   50 | char cos (void);
      |      ^~~
conftest.c:1:1: note: 'cos' is declared in header '<math.h>'
    1 | /* confdefs.h */
configure:14088: $? = 0
configure:14100: result: yes
configure:14115: checking for gcc way to treat warnings as errors
configure:14132: gcc -o conftest -Dpitch_downsample=rnnoise_pitch_downsample     -Dpitch_search=rnnoise_pitch_search     -Dremove_doubling=rnnoise_remove_doubling     -D_celt_lpc=rnnoise__celt_lpc     -Dcelt_iir=rnnoise_celt_iir     -D_celt_autocorr=rnnoise__celt_autocorr     -Dcompute_gru=rnnoise_compute_gru     -Dcompute_dense=rnnoise_compute_dense     -fpie -Werror   conftest.c  >&5
configure:14132: $? = 0
configure:14188: result: -Werror
configure:14194: checking if gcc supports __attribute__(( visibility("default") ))
configure:14206: gcc -c -Dpitch_downsample=rnnoise_pitch_downsample     -Dpitch_search=rnnoise_pitch_search     -Dremove_doubling=rnnoise_remove_doubling     -D_celt_lpc=rnnoise__celt_lpc     -Dcelt_iir=rnnoise_celt_iir     -D_celt_autocorr=rnnoise__celt_autocorr     -Dcompute_gru=rnnoise_compute_gru     -Dcompute_dense=rnnoise_compute_dense     -fpie -Werror  conftest.c >&5
configure:14206: $? = 0
configure:14218: result: yes
configure:14229: checking if gcc supports -fvisibility=hidden
configure:14248: gcc -o conftest -Dpitch_downsample=rnnoise_pitch_downsample     -Dpitch_search=rnnoise_pitch_search     -Dremove_doubling=rnnoise_remove_doubling     -D_celt_lpc=rnnoise__celt_lpc     -Dcelt_iir=rnnoise_celt_iir     -D_celt_autocorr=rnnoise__celt_autocorr     -Dcompute_gru=rnnoise_compute_gru     -Dcompute_dense=rnnoise_compute_dense     -fpie -Werror -fvisibility=hidden   conftest.c  >&5
configure:14248: $? = 0
configure:14274: result: yes
configure:14573: creating ./config.status

## ---------------------- ##
## Running config.status. ##
## ---------------------- ##

This file was extended by rnnoise-nu config.status 1.0, which was
generated by GNU Autoconf 2.72.  Invocation command line was

  CONFIG_FILES    = 
  CONFIG_HEADERS  = 
  CONFIG_LINKS    = 
  CONFIG_COMMANDS = 
  $ ./config.status 

on erimos

config.status:1125: creating Makefile
config.status:1125: creating rnnoise-nu.pc
config.status:1125: creating rnnoise-nu-uninstalled.pc
config.status:1125: creating doc/Doxyfile
config.status:1125: creating config.h
config.status:1354: executing depfiles commands
config.status:1429: cd .       && sed -e '/# am--include-marker/d' Makefile         | make -f - am--depfiles
make[3]: Entering directory '/home/wanderer/Jobs/dsnote-qt6/build/external/rnnoise'
make[3]: Leaving directory '/home/wanderer/Jobs/dsnote-qt6/build/external/rnnoise'
config.status:1436: $? = 0
config.status:1354: executing libtool commands
configure:16729:
------------------------------------------------------------------------
  rnnoise-nu 1.0: Automatic configuration OK.

    Assertions ................... no

    Hidden visibility ............ yes

    API code examples ............ no
    API documentation ............ no
------------------------------------------------------------------------


## ---------------- ##
## Cache variables. ##
## ---------------- ##

ac_cv_build=x86_64-pc-linux-gnu
ac_cv_c_compiler_gnu=yes
ac_cv_c_inline=inline
ac_cv_env_CC_set=
ac_cv_env_CC_value=
ac_cv_env_CFLAGS_set=set
ac_cv_env_CFLAGS_value='-Dpitch_downsample=rnnoise_pitch_downsample     -Dpitch_search=rnnoise_pitch_search     -Dremove_doubling=rnnoise_remove_doubling     -D_celt_lpc=rnnoise__celt_lpc     -Dcelt_iir=rnnoise_celt_iir     -D_celt_autocorr=rnnoise__celt_autocorr     -Dcompute_gru=rnnoise_compute_gru     -Dcompute_dense=rnnoise_compute_dense     -fpie'
ac_cv_env_CPPFLAGS_set=
ac_cv_env_CPPFLAGS_value=
ac_cv_env_LDFLAGS_set=
ac_cv_env_LDFLAGS_value=
ac_cv_env_LIBS_set=
ac_cv_env_LIBS_value=
ac_cv_env_LT_SYS_LIBRARY_PATH_set=
ac_cv_env_LT_SYS_LIBRARY_PATH_value=
ac_cv_env_build_alias_set=
ac_cv_env_build_alias_value=
ac_cv_env_host_alias_set=
ac_cv_env_host_alias_value=
ac_cv_env_target_alias_set=
ac_cv_env_target_alias_value=
ac_cv_header_dlfcn_h=yes
ac_cv_header_inttypes_h=yes
ac_cv_header_minix_config_h=no
ac_cv_header_stdint_h=yes
ac_cv_header_stdio_h=yes
ac_cv_header_stdlib_h=yes
ac_cv_header_string_h=yes
ac_cv_header_strings_h=yes
ac_cv_header_sys_stat_h=yes
ac_cv_header_sys_types_h=yes
ac_cv_header_unistd_h=yes
ac_cv_header_wchar_h=yes
ac_cv_host=x86_64-pc-linux-gnu
ac_cv_lib_m_cos=yes
ac_cv_objext=o
ac_cv_path_EGREP='/bin/grep -E'
ac_cv_path_EGREP_TRADITIONAL='/bin/grep -E'
ac_cv_path_FGREP='/bin/grep -F'
ac_cv_path_GREP=/bin/grep
ac_cv_path_SED=/bin/sed
ac_cv_path_install='/usr/bin/install -c'
ac_cv_path_lt_DD=/bin/dd
ac_cv_path_mkdir=/bin/mkdir
ac_cv_prog_AWK=gawk
ac_cv_prog_FILECMD=file
ac_cv_prog_ac_ct_AR=ar
ac_cv_prog_ac_ct_CC=gcc
ac_cv_prog_ac_ct_OBJDUMP=objdump
ac_cv_prog_ac_ct_RANLIB=ranlib
ac_cv_prog_ac_ct_STRIP=strip
ac_cv_prog_cc_c11=
ac_cv_prog_cc_g=yes
ac_cv_prog_cc_stdc=
ac_cv_prog_make_make_set=yes
ac_cv_safe_to_define___extensions__=yes
ac_cv_should_define__xopen_source=no
ac_cv_sys_largefile_opts='none needed'
am_cv_CC_dependencies_compiler_type=gcc3
am_cv_make_support_nested_variables=yes
am_cv_prog_cc_c_o=yes
am_cv_prog_tar_ustar=gnutar
am_cv_xargs_n_works=yes
cc_cv_attribute_visibility_default=yes
cc_cv_cflags__Werror=yes
cc_cv_cflags__fvisibility_hidden=yes
cc_cv_flag_visibility=yes
cc_cv_werror=-Werror
lt_cv_ar_at_file=@
lt_cv_deplibs_check_method=pass_all
lt_cv_file_magic_cmd='$MAGIC_CMD'
lt_cv_file_magic_test_file=
lt_cv_ld_reload_flag=-r
lt_cv_nm_interface='BSD nm'
lt_cv_objdir=.libs
lt_cv_path_LD=/usr/x86_64-pc-linux-gnu/bin/ld
lt_cv_path_NM='/usr/bin/nm -B'
lt_cv_path_manifest_tool=no
lt_cv_prog_compiler_c_o=yes
lt_cv_prog_compiler_pic='-fPIC -DPIC'
lt_cv_prog_compiler_pic_works=yes
lt_cv_prog_compiler_rtti_exceptions=no
lt_cv_prog_compiler_static_works=yes
lt_cv_prog_gnu_ld=yes
lt_cv_sharedlib_from_linklib_cmd='printf %s\n'
lt_cv_shlibpath_overrides_runpath=yes
lt_cv_sys_global_symbol_pipe='/bin/sed -n -e '\''s/^.*[	 ]\([ABCDGIRSTW][ABCDGIRSTW]*\)[	 ][	 ]*\([_A-Za-z][_A-Za-z0-9]*\)$/\1 \2 \2/p'\'' | /bin/sed '\''/ __gnu_lto/d'\'''
lt_cv_sys_global_symbol_to_c_name_address='/bin/sed -n -e '\''s/^: \(.*\) .*$/  {"\1", (void *) 0},/p'\'' -e '\''s/^[ABCDGIRSTW][ABCDGIRSTW]* .* \(.*\)$/  {"\1", (void *) \&\1},/p'\'''
lt_cv_sys_global_symbol_to_c_name_address_lib_prefix='/bin/sed -n -e '\''s/^: \(.*\) .*$/  {"\1", (void *) 0},/p'\'' -e '\''s/^[ABCDGIRSTW][ABCDGIRSTW]* .* \(lib.*\)$/  {"\1", (void *) \&\1},/p'\'' -e '\''s/^[ABCDGIRSTW][ABCDGIRSTW]* .* \(.*\)$/  {"lib\1", (void *) \&\1},/p'\'''
lt_cv_sys_global_symbol_to_cdecl='/bin/sed -n -e '\''s/^T .* \(.*\)$/extern int \1();/p'\'' -e '\''s/^[ABCDGIRSTW][ABCDGIRSTW]* .* \(.*\)$/extern char \1;/p'\'''
lt_cv_sys_global_symbol_to_import=
lt_cv_sys_max_cmd_len=1572864
lt_cv_to_host_file_cmd=func_convert_file_noop
lt_cv_to_tool_file_cmd=func_convert_file_noop
lt_cv_truncate_bin='/bin/dd bs=4096 count=1'

## ----------------- ##
## Output variables. ##
## ----------------- ##

ACLOCAL='${SHELL} '\''/home/wanderer/Jobs/dsnote-qt6/build/external/rnnoise/scripts/missing'\'' aclocal-1.18'
AMDEPBACKSLASH='\'
AMDEP_FALSE='#'
AMDEP_TRUE=''
AMTAR='$${TAR-tar}'
AM_BACKSLASH='\'
AM_DEFAULT_V='$(AM_DEFAULT_VERBOSITY)'
AM_DEFAULT_VERBOSITY='0'
AM_V='$(V)'
AR='ar'
AUTOCONF='${SHELL} '\''/home/wanderer/Jobs/dsnote-qt6/build/external/rnnoise/scripts/missing'\'' autoconf'
AUTOHEADER='${SHELL} '\''/home/wanderer/Jobs/dsnote-qt6/build/external/rnnoise/scripts/missing'\'' autoheader'
AUTOMAKE='${SHELL} '\''/home/wanderer/Jobs/dsnote-qt6/build/external/rnnoise/scripts/missing'\'' automake-1.18'
AWK='gawk'
CC='gcc'
CCDEPMODE='depmode=gcc3'
CFLAGS='-Dpitch_downsample=rnnoise_pitch_downsample     -Dpitch_search=rnnoise_pitch_search     -Dremove_doubling=rnnoise_remove_doubling     -D_celt_lpc=rnnoise__celt_lpc     -Dcelt_iir=rnnoise_celt_iir     -D_celt_autocorr=rnnoise__celt_autocorr     -Dcompute_gru=rnnoise_compute_gru     -Dcompute_dense=rnnoise_compute_dense     -fpie -fvisibility=hidden'
CPPFLAGS=''
CSCOPE='cscope'
CTAGS='ctags'
CYGPATH_W='echo'
DEFS='-DHAVE_CONFIG_H'
DEPDIR='.deps'
DLLTOOL='false'
DSYMUTIL=''
DUMPBIN=''
ECHO_C=''
ECHO_N='-n'
ECHO_T=''
EGREP='/bin/grep -E'
ETAGS='etags'
EXEEXT=''
FGREP='/bin/grep -F'
FILECMD='file'
GREP='/bin/grep'
HAVE_DOT=''
HAVE_DOXYGEN='no'
HAVE_DOXYGEN_FALSE=''
HAVE_DOXYGEN_TRUE='#'
INSTALL_DATA='${INSTALL} -m 644'
INSTALL_PROGRAM='${INSTALL}'
INSTALL_SCRIPT='${INSTALL}'
INSTALL_STRIP_PROGRAM='$(install_sh) -c -s'
LD='/usr/x86_64-pc-linux-gnu/bin/ld -m elf_x86_64'
LDFLAGS=''
LIBM='-lm'
LIBOBJS=''
LIBS=''
LIBTOOL='$(SHELL) $(top_builddir)/libtool'
LIPO=''
LN_S='ln -s'
LTLIBOBJS=''
LT_SYS_LIBRARY_PATH=''
MAINT=''
MAINTAINER_MODE_FALSE='#'
MAINTAINER_MODE_TRUE=''
MAKEINFO='${SHELL} '\''/home/wanderer/Jobs/dsnote-qt6/build/external/rnnoise/scripts/missing'\'' makeinfo'
MANIFEST_TOOL=':'
MKDIR_P='/bin/mkdir -p'
NM='/usr/bin/nm -B'
NMEDIT=''
OBJDUMP='objdump'
OBJEXT='o'
OP_ENABLE_EXAMPLES_FALSE=''
OP_ENABLE_EXAMPLES_TRUE='#'
OP_LT_AGE='0'
OP_LT_CURRENT='1'
OP_LT_REVISION='0'
OTOOL64=''
OTOOL=''
PACKAGE='rnnoise-nu'
PACKAGE_BUGREPORT='gregor.richards@uwaterloo.ca'
PACKAGE_NAME='rnnoise-nu'
PACKAGE_STRING='rnnoise-nu 1.0'
PACKAGE_TARNAME='rnnoise-nu'
PACKAGE_URL=''
PACKAGE_VERSION='1.0'
PATH_SEPARATOR=':'
RANLIB='ranlib'
SED='/bin/sed'
SET_MAKE=''
SHELL='/bin/sh'
STRIP='strip'
VERSION='1.0'
ac_ct_AR='ar'
ac_ct_CC='gcc'
ac_ct_DUMPBIN=''
am__EXEEXT_FALSE=''
am__EXEEXT_TRUE='#'
am__fastdepCC_FALSE='#'
am__fastdepCC_TRUE=''
am__include='include'
am__isrc=''
am__leading_dot='.'
am__nodep='_no'
am__quote=''
am__rm_f_notfound=''
am__tar='tar --format=ustar -chf - "$$tardir"'
am__untar='tar -xf -'
am__xargs_n='xargs -n'
bindir='${exec_prefix}/bin'
build='x86_64-pc-linux-gnu'
build_alias=''
build_cpu='x86_64'
build_os='linux-gnu'
build_vendor='pc'
datadir='${datarootdir}'
datarootdir='${prefix}/share'
docdir='${datarootdir}/doc/${PACKAGE_TARNAME}'
dvidir='${docdir}'
exec_prefix='${prefix}'
host='x86_64-pc-linux-gnu'
host_alias=''
host_cpu='x86_64'
host_os='linux-gnu'
host_vendor='pc'
htmldir='${docdir}'
includedir='${prefix}/include'
infodir='${datarootdir}/info'
install_sh='${SHELL} /home/wanderer/Jobs/dsnote-qt6/build/external/rnnoise/scripts/install-sh'
libdir='/home/wanderer/Jobs/dsnote-qt6/build/external/lib'
libexecdir='${exec_prefix}/libexec'
localedir='${datarootdir}/locale'
localstatedir='${prefix}/var'
lrintf_lib=''
mandir='${datarootdir}/man'
mkdir_p='$(MKDIR_P)'
oldincludedir='/usr/include'
pdfdir='${docdir}'
prefix='/home/wanderer/Jobs/dsnote-qt6/build/external'
program_transform_name='s,x,x,'
psdir='${docdir}'
runstatedir='${localstatedir}/run'
sbindir='${exec_prefix}/sbin'
sharedstatedir='${prefix}/com'
sysconfdir='${prefix}/etc'
target_alias=''

## ----------- ##
## confdefs.h. ##
## ----------- ##

/* confdefs.h */
#define PACKAGE_NAME "rnnoise-nu"
#define PACKAGE_TARNAME "rnnoise-nu"
#define PACKAGE_VERSION "1.0"
#define PACKAGE_STRING "rnnoise-nu 1.0"
#define PACKAGE_BUGREPORT "gregor.richards@uwaterloo.ca"
#define PACKAGE_URL ""
#define HAVE_STDIO_H 1
#define HAVE_STDLIB_H 1
#define HAVE_STRING_H 1
#define HAVE_INTTYPES_H 1
#define HAVE_STDINT_H 1
#define HAVE_STRINGS_H 1
#define HAVE_SYS_STAT_H 1
#define HAVE_SYS_TYPES_H 1
#define HAVE_UNISTD_H 1
#define HAVE_WCHAR_H 1
#define STDC_HEADERS 1
#define _ALL_SOURCE 1
#define _DARWIN_C_SOURCE 1
#define _GNU_SOURCE 1
#define _HPUX_ALT_XOPEN_SOCKET_API 1
#define _NETBSD_SOURCE 1
#define _OPENBSD_SOURCE 1
#define _POSIX_PTHREAD_SEMANTICS 1
#define __STDC_WANT_IEC_60559_ATTRIBS_EXT__ 1
#define __STDC_WANT_IEC_60559_BFP_EXT__ 1
#define __STDC_WANT_IEC_60559_DFP_EXT__ 1
#define __STDC_WANT_IEC_60559_EXT__ 1
#define __STDC_WANT_IEC_60559_FUNCS_EXT__ 1
#define __STDC_WANT_IEC_60559_TYPES_EXT__ 1
#define __STDC_WANT_LIB_EXT2__ 1
#define __STDC_WANT_MATH_SPEC_FUNCS__ 1
#define _TANDEM_SOURCE 1
#define __EXTENSIONS__ 1
#define HAVE_DLFCN_H 1
#define LT_OBJDIR ".libs/"
#define RNNOISE_BUILD /**/
#define SUPPORT_ATTRIBUTE_VISIBILITY_DEFAULT 1
#define SUPPORT_FLAG_VISIBILITY 1

configure: exit 0
